[debug] [2026-09-22T09:14:58.382Z] ----------------------------------------------------------------------
[debug] [2026-09-22T09:14:58.385Z] Command:       /usr/local/bin/firebase /home/jashwin/.cache/firebase/tools/lib/node_modules/firebase-tools/lib/bin/firebase deploy --only hosting
[debug] [2026-09-22T09:14:58.385Z] CLI Version:   15.30.2
[debug] [2026-09-22T09:14:58.386Z] Platform:      linux
[debug] [2026-09-22T09:14:58.386Z] Node Version:  v20.18.2
[debug] [2026-09-22T09:14:58.386Z] Detected Agent: unknown
[debug] [2026-09-22T09:14:58.386Z] Time:          Tue Sep 22 2026 14:44:58 GMT+0530 (India Standard Time)
[debug] [2026-09-22T09:14:58.386Z] ----------------------------------------------------------------------
[debug] 
[debug] [2026-09-22T09:15:00.448Z] > command requires scopes: ["email","openid","https://www.googleapis.com/auth/cloudplatformprojects.readonly","https://www.googleapis.com/auth/firebase","https://www.googleapis.com/auth/cloud-platform"]
[debug] [2026-09-22T09:15:00.448Z] > authorizing via signed-in user (team.hynabiz@gmail.com)
[debug] [2026-09-22T09:15:00.448Z] [iam] checking project hynastudio-workspace for permissions ["firebase.projects.get","firebasehosting.sites.update"]
[debug] [2026-09-22T09:15:00.449Z] Checked if tokens are valid: true, expires at: 1790071982121
[debug] [2026-09-22T09:15:00.449Z] Checked if tokens are valid: true, expires at: 1790071982121
[debug] [2026-09-22T09:15:00.450Z] >>> [apiv2][query] POST https://cloudresourcemanager.googleapis.com/v1/projects/hynastudio-workspace:testIamPermissions [none]
[debug] [2026-09-22T09:15:00.450Z] >>> [apiv2][(partial)header] POST https://cloudresourcemanager.googleapis.com/v1/projects/hynastudio-workspace:testIamPermissions  x-goog-user-project=hynastudio-workspace
[debug] [2026-09-22T09:15:00.450Z] >>> [apiv2][body] POST https://cloudresourcemanager.googleapis.com/v1/projects/hynastudio-workspace:testIamPermissions {"permissions":["firebase.projects.get","firebasehosting.sites.update"]}
[debug] [2026-09-22T09:15:01.936Z] <<< [apiv2][status] POST https://cloudresourcemanager.googleapis.com/v1/projects/hynastudio-workspace:testIamPermissions 403
[debug] [2026-09-22T09:15:01.936Z] <<< [apiv2][body] POST https://cloudresourcemanager.googleapis.com/v1/projects/hynastudio-workspace:testIamPermissions {"error":{"code":403,"message":"Caller does not have required permission to use project hynastudio-workspace. Grant the caller the roles/serviceusage.serviceUsageConsumer role, or a custom role with the serviceusage.services.use permission, by visiting https://console.developers.google.com/iam-admin/iam?project=hynastudio-workspace and then retry. Propagation of the new permission may take a few minutes.","status":"PERMISSION_DENIED","details":[{"@type":"type.googleapis.com/google.rpc.ErrorInfo","reason":"USER_PROJECT_DENIED","domain":"googleapis.com","metadata":{"containerInfo":"hynastudio-workspace","consumer":"projects/hynastudio-workspace","consoleUrl":"https://console.developers.google.com/iam-admin/iam?project=hynastudio-workspace","service":"cloudresourcemanager.googleapis.com"}},{"@type":"type.googleapis.com/google.rpc.LocalizedMessage","locale":"en-US","message":"Caller does not have required permission to use project hynastudio-workspace. Grant the caller the roles/serviceusage.serviceUsageConsumer role, or a custom role with the serviceusage.services.use permission, by visiting https://console.developers.google.com/iam-admin/iam?project=hynastudio-workspace and then retry. Propagation of the new permission may take a few minutes."},{"@type":"type.googleapis.com/google.rpc.Help","links":[{"description":"Google developer console IAM admin","url":"https://console.developers.google.com/iam-admin/iam?project=hynastudio-workspace"}]}]}}
[debug] [2026-09-22T09:15:01.938Z] [iam] error while checking permissions, command may fail: Request to https://cloudresourcemanager.googleapis.com/v1/projects/hynastudio-workspace:testIamPermissions had HTTP Error: 403, Caller does not have required permission to use project hynastudio-workspace. Grant the caller the roles/serviceusage.serviceUsageConsumer role, or a custom role with the serviceusage.services.use permission, by visiting https://console.developers.google.com/iam-admin/iam?project=hynastudio-workspace and then retry. Propagation of the new permission may take a few minutes.
[debug] [2026-09-22T09:15:01.939Z] Checked if tokens are valid: true, expires at: 1790071982121
[debug] [2026-09-22T09:15:01.939Z] Checked if tokens are valid: true, expires at: 1790071982121
[debug] [2026-09-22T09:15:01.939Z] >>> [apiv2][query] GET https://firebase.googleapis.com/v1beta1/projects/hynastudio-workspace [none]
[debug] [2026-09-22T09:15:02.529Z] <<< [apiv2][status] GET https://firebase.googleapis.com/v1beta1/projects/hynastudio-workspace 403
[debug] [2026-09-22T09:15:02.530Z] <<< [apiv2][body] GET https://firebase.googleapis.com/v1beta1/projects/hynastudio-workspace {"error":{"code":403,"message":"The caller does not have permission","status":"PERMISSION_DENIED"}}
[debug] [2026-09-22T09:15:02.530Z] Request to https://firebase.googleapis.com/v1beta1/projects/hynastudio-workspace had HTTP Error: 403, The caller does not have permission
[debug] [2026-09-22T09:15:02.698Z] FirebaseError: Request to https://firebase.googleapis.com/v1beta1/projects/hynastudio-workspace had HTTP Error: 403, The caller does not have permission
    at responseToError (/home/jashwin/.cache/firebase/tools/lib/node_modules/firebase-tools/lib/responseToError.js:53:12)
    at RetryOperation._fn (/home/jashwin/.cache/firebase/tools/lib/node_modules/firebase-tools/lib/apiv2.js:415:77)
    at process.processTicksAndRejections (node:internal/process/task_queues:95:5)
[error] 
[error] Error: Failed to get Firebase project hynastudio-workspace. Please make sure the project exists and your account has permission to access it.
